// Jest Snapshot v1, https://goo.gl/fbAQLP

exports[`CHECKOUTSCREEN --- Snapshot renders a logout/login view is user is not logged in 1`] = `false`;

exports[`CHECKOUTSCREEN --- Snapshot renders a logout/login view is user is not logged in 2`] = `undefined`;

exports[`CHECKOUTSCREEN --- Snapshot renders a logout/login view is user is not logged in 3`] = `undefined`;

exports[`CHECKOUTSCREEN --- Snapshot renders a logout/login view is user is not logged in 4`] = `
<View>
  <Text
    accessible={true}
    allowFontScaling={true}
    ellipsizeMode="tail"
  >
    Log out and Log in again
  </Text>
</View>
`;

exports[`CHECKOUTSCREEN --- Snapshot renders the checkout screen if user is logged in 1`] = `true`;

exports[`CHECKOUTSCREEN --- Snapshot renders the checkout screen if user is logged in 2`] = `undefined`;

exports[`CHECKOUTSCREEN --- Snapshot renders the checkout screen if user is logged in 3`] = `undefined`;

exports[`CHECKOUTSCREEN --- Snapshot renders the checkout screen if user is logged in 4`] = `
Object {
  "title": "Order Detail",
}
`;

exports[`CHECKOUTSCREEN --- Snapshot renders the checkout screen if user is logged in 5`] = `
<RCTScrollView>
  <View>
    <RCTScrollView
      automaticallyAdjustContentInsets={false}
      contentInset={
        Object {
          "bottom": 0,
        }
      }
      enableAutoAutomaticScroll={true}
      enableResetScrollToCoords={true}
      extraHeight={75}
      extraScrollHeight={0}
      keyboardDismissMode="interactive"
      keyboardOpeningTime={250}
      onScroll={[Function]}
      resetScrollToCoords={
        Object {
          "x": 0,
          "y": 0,
        }
      }
      scrollEventThrottle={0}
      showsVerticalScrollIndicator={true}
      style={
        Object {
          "backgroundColor": "transparent",
          "flex": 1,
        }
      }
      virtual={undefined}
    >
      <View>
        <View
          style={
            Array [
              Object {
                "backgroundColor": "#fff",
                "borderBottomWidth": 0.5,
                "borderColor": "#ccc",
                "borderLeftWidth": 0.5,
                "borderRadius": 2,
                "borderRightWidth": 0.5,
                "borderTopWidth": 0.5,
                "elevation": 3,
                "flex": 1,
                "flexWrap": "wrap",
                "marginBottom": 5,
                "marginLeft": 2,
                "marginRight": 2,
                "marginTop": 5,
                "shadowColor": "#000",
                "shadowOffset": Object {
                  "height": 2,
                  "width": 0,
                },
                "shadowOpacity": 0.1,
                "shadowRadius": 1.5,
              },
              Object {
                "padding": 20,
              },
            ]
          }
          virtual={undefined}
        >
          <View
            style={
              Array [
                Object {
                  "alignItems": "center",
                  "backgroundColor": "#fff",
                  "borderRadius": 2,
                  "flexDirection": "row",
                  "paddingBottom": 10,
                  "paddingLeft": 15,
                  "paddingRight": 15,
                  "paddingTop": 10,
                },
                Object {
                  "alignSelf": "center",
                  "paddingBottom": 0,
                  "paddingLeft": 0,
                  "paddingRight": 5,
                  "paddingTop": 0,
                },
              ]
            }
            virtual={undefined}
          >
            <Text
              accessible={true}
              allowFontScaling={true}
              ellipsizeMode="tail"
              fontSize={15}
              style={
                Array [
                  Object {
                    "fontFamily": "SinkinSans-200XLight",
                    "fontSize": 12,
                  },
                  Object {
                    "fontSize": 15,
                  },
                ]
              }
            >
               ORDER PROCESSED
            </Text>
          </View>
          <View
            style={
              Array [
                Object {
                  "alignItems": "center",
                  "backgroundColor": "#fff",
                  "borderRadius": 2,
                  "flexDirection": "row",
                  "paddingBottom": 10,
                  "paddingLeft": 15,
                  "paddingRight": 15,
                  "paddingTop": 10,
                },
                Object {
                  "alignSelf": "center",
                  "paddingBottom": 0,
                  "paddingLeft": 0,
                  "paddingRight": 5,
                  "paddingTop": 0,
                },
              ]
            }
            virtual={undefined}
          >
            <Text
              accessible={true}
              allowFontScaling={true}
              ellipsizeMode="tail"
            />
          </View>
          <View
            style={
              Array [
                Object {
                  "alignItems": "center",
                  "backgroundColor": "#fff",
                  "borderRadius": 2,
                  "flexDirection": "row",
                  "paddingBottom": 10,
                  "paddingLeft": 15,
                  "paddingRight": 15,
                  "paddingTop": 10,
                },
                Object {
                  "alignSelf": "center",
                  "paddingBottom": 0,
                  "paddingLeft": 0,
                  "paddingRight": 5,
                  "paddingTop": 0,
                },
              ]
            }
            virtual={undefined}
          >
            <View
              style={
                Object {
                  "borderBottomColor": "#B2BEB5",
                  "borderBottomWidth": 0.5,
                  "height": 1,
                  "marginBottom": 20,
                  "marginTop": 20,
                  "width": "90%",
                }
              }
            />
          </View>
          <View
            style={
              Array [
                Object {
                  "alignItems": "center",
                  "backgroundColor": "#fff",
                  "borderRadius": 2,
                  "flexDirection": "row",
                  "paddingBottom": 10,
                  "paddingLeft": 15,
                  "paddingRight": 15,
                  "paddingTop": 10,
                },
                Object {
                  "alignSelf": "center",
                  "paddingBottom": 0,
                  "paddingLeft": 0,
                  "paddingRight": 5,
                  "paddingTop": 0,
                },
              ]
            }
            virtual={undefined}
          >
            <Text
              accessible={true}
              allowFontScaling={true}
              ellipsizeMode="tail"
              fontSize={15}
              style={
                Array [
                  Object {
                    "fontFamily": "SinkinSans-200XLight",
                    "fontSize": 12,
                  },
                  Object {
                    "fontSize": 15,
                  },
                ]
              }
            >
               PAYMENT METHOD :  PAY ON DELIVERY
            </Text>
          </View>
          <View
            style={
              Array [
                Object {
                  "alignItems": "center",
                  "backgroundColor": "#fff",
                  "borderRadius": 2,
                  "flexDirection": "row",
                  "paddingBottom": 10,
                  "paddingLeft": 15,
                  "paddingRight": 15,
                  "paddingTop": 10,
                },
                Object {
                  "alignSelf": "center",
                  "paddingBottom": 0,
                  "paddingLeft": 0,
                  "paddingRight": 5,
                  "paddingTop": 0,
                },
              ]
            }
            virtual={undefined}
          >
            <View
              style={
                Object {
                  "borderBottomColor": "#B2BEB5",
                  "borderBottomWidth": 0.5,
                  "height": 1,
                  "marginBottom": 20,
                  "marginTop": 20,
                  "width": "90%",
                }
              }
            />
          </View>
          <View
            style={
              Array [
                Object {
                  "alignItems": "center",
                  "backgroundColor": "#fff",
                  "borderRadius": 2,
                  "flexDirection": "row",
                  "paddingBottom": 10,
                  "paddingLeft": 15,
                  "paddingRight": 15,
                  "paddingTop": 10,
                },
                Object {
                  "alignSelf": "center",
                  "paddingBottom": 0,
                  "paddingLeft": 0,
                  "paddingRight": 5,
                  "paddingTop": 0,
                },
              ]
            }
            virtual={undefined}
          >
            <Text
              accessible={true}
              allowFontScaling={true}
              ellipsizeMode="tail"
              fontSize={15}
              style={
                Array [
                  Object {
                    "fontFamily": "SinkinSans-200XLight",
                    "fontSize": 12,
                  },
                  Object {
                    "fontSize": 15,
                  },
                ]
              }
            >
              mariam
              :      
            </Text>
          </View>
          <View
            style={
              Array [
                Object {
                  "alignItems": "center",
                  "backgroundColor": "#fff",
                  "borderRadius": 2,
                  "flexDirection": "row",
                  "paddingBottom": 10,
                  "paddingLeft": 15,
                  "paddingRight": 15,
                  "paddingTop": 10,
                },
                Object {
                  "alignSelf": "center",
                  "paddingBottom": 0,
                  "paddingLeft": 0,
                  "paddingRight": 5,
                  "paddingTop": 0,
                },
              ]
            }
            virtual={undefined}
          >
            <Text
              accessible={true}
              allowFontScaling={true}
              ellipsizeMode="tail"
              fontSize={15}
              style={
                Array [
                  Object {
                    "fontFamily": "SinkinSans-200XLight",
                    "fontSize": 12,
                  },
                  Object {
                    "fontSize": 15,
                  },
                ]
              }
            >
              tope
              :      
            </Text>
          </View>
          <View
            style={
              Array [
                Object {
                  "alignItems": "center",
                  "backgroundColor": "#fff",
                  "borderRadius": 2,
                  "flexDirection": "row",
                  "paddingBottom": 10,
                  "paddingLeft": 15,
                  "paddingRight": 15,
                  "paddingTop": 10,
                },
                Object {
                  "alignSelf": "center",
                  "paddingBottom": 0,
                  "paddingLeft": 0,
                  "paddingRight": 5,
                  "paddingTop": 0,
                },
              ]
            }
            virtual={undefined}
          >
            <View
              style={
                Object {
                  "borderBottomColor": "#B2BEB5",
                  "borderBottomWidth": 0.5,
                  "height": 1,
                  "marginBottom": 20,
                  "marginTop": 20,
                  "width": "90%",
                }
              }
            />
          </View>
          <View
            style={
              Array [
                Object {
                  "alignItems": "center",
                  "backgroundColor": "#fff",
                  "borderRadius": 2,
                  "flexDirection": "row",
                  "paddingBottom": 10,
                  "paddingLeft": 15,
                  "paddingRight": 15,
                  "paddingTop": 10,
                },
                Object {
                  "alignSelf": "center",
                  "paddingBottom": 0,
                  "paddingLeft": 0,
                  "paddingRight": 5,
                  "paddingTop": 0,
                },
              ]
            }
            virtual={undefined}
          >
            <Text
              accessible={true}
              allowFontScaling={true}
              ellipsizeMode="tail"
              fontSize={15}
              style={
                Array [
                  Object {
                    "fontFamily": "SinkinSans-200XLight",
                    "fontSize": 12,
                  },
                  Object {
                    "fontSize": 15,
                  },
                ]
              }
            >
               TOTAL AMOUNT : ₦
            </Text>
          </View>
          <View
            style={
              Array [
                Object {
                  "alignItems": "center",
                  "backgroundColor": "#fff",
                  "borderRadius": 2,
                  "flexDirection": "row",
                  "paddingBottom": 10,
                  "paddingLeft": 15,
                  "paddingRight": 15,
                  "paddingTop": 10,
                },
                Object {
                  "alignSelf": "center",
                  "paddingBottom": 0,
                  "paddingLeft": 0,
                  "paddingRight": 5,
                  "paddingTop": 0,
                },
              ]
            }
            virtual={undefined}
          >
            <View
              style={
                Object {
                  "borderBottomColor": "#B2BEB5",
                  "borderBottomWidth": 0.5,
                  "height": 1,
                  "marginBottom": 20,
                  "marginTop": 20,
                  "width": "90%",
                }
              }
            />
          </View>
          <View
            style={
              Array [
                Object {
                  "alignItems": "center",
                  "backgroundColor": "#fff",
                  "borderRadius": 2,
                  "flexDirection": "row",
                  "paddingBottom": 10,
                  "paddingLeft": 15,
                  "paddingRight": 15,
                  "paddingTop": 10,
                },
                Object {
                  "alignSelf": "center",
                  "paddingBottom": 0,
                  "paddingLeft": 0,
                  "paddingRight": 5,
                  "paddingTop": 0,
                },
              ]
            }
            virtual={undefined}
          >
            <Text
              accessible={true}
              allowFontScaling={true}
              ellipsizeMode="tail"
              fontSize={15}
              style={
                Array [
                  Object {
                    "fontFamily": "SinkinSans-200XLight",
                    "fontSize": 12,
                  },
                  Object {
                    "fontSize": 15,
                  },
                ]
              }
            >
               ENTER DELIVERY ADDRESS
            </Text>
          </View>
          <View
            style={
              Array [
                Object {
                  "alignItems": "center",
                  "backgroundColor": "#fff",
                  "borderRadius": 2,
                  "flexDirection": "row",
                  "paddingBottom": 10,
                  "paddingLeft": 15,
                  "paddingRight": 15,
                  "paddingTop": 10,
                },
                Object {
                  "alignSelf": "center",
                  "paddingBottom": 0,
                  "paddingLeft": 0,
                  "paddingRight": 5,
                  "paddingTop": 0,
                },
              ]
            }
            virtual={undefined}
          >
            <TextInput
              allowFontScaling={true}
              multiline={true}
              onChangeText={[Function]}
              placeholder="Enter the delivery address"
              style={
                Object {
                  "borderColor": "gray",
                  "borderWidth": 1,
                  "fontFamily": "SinkinSans-200XLight",
                  "fontSize": 10,
                  "height": 50,
                  "marginTop": 10,
                  "padding": 0,
                  "textAlignVertical": "top",
                  "width": "100%",
                }
              }
              underlineColorAndroid="rgba(0,0,0,0)"
            />
          </View>
          <View
            style={
              Array [
                Object {
                  "alignItems": "center",
                  "backgroundColor": "#fff",
                  "borderRadius": 2,
                  "flexDirection": "row",
                  "paddingBottom": 10,
                  "paddingLeft": 15,
                  "paddingRight": 15,
                  "paddingTop": 10,
                },
                Object {
                  "alignSelf": "center",
                  "paddingBottom": 0,
                  "paddingLeft": 0,
                  "paddingRight": 5,
                  "paddingTop": 0,
                },
              ]
            }
            virtual={undefined}
          >
            <View
              style={
                Object {
                  "borderBottomColor": "#B2BEB5",
                  "borderBottomWidth": 0.5,
                  "height": 1,
                  "marginBottom": 20,
                  "marginTop": 20,
                  "width": "90%",
                }
              }
            />
          </View>
          <View
            style={
              Array [
                Object {
                  "alignItems": "center",
                  "backgroundColor": "#fff",
                  "borderRadius": 2,
                  "flexDirection": "row",
                  "paddingBottom": 10,
                  "paddingLeft": 15,
                  "paddingRight": 15,
                  "paddingTop": 10,
                },
                Object {
                  "alignSelf": "center",
                  "paddingBottom": 0,
                  "paddingLeft": 0,
                  "paddingRight": 5,
                  "paddingTop": 0,
                  "width": "100%",
                },
              ]
            }
            virtual={undefined}
          >
            <View
              accessibilityComponentType={undefined}
              accessibilityLabel={undefined}
              accessibilityTraits={undefined}
              accessible={true}
              collapsable={undefined}
              hitSlop={undefined}
              isTVSelectable={true}
              nativeID={undefined}
              onLayout={undefined}
              onResponderGrant={[Function]}
              onResponderMove={[Function]}
              onResponderRelease={[Function]}
              onResponderTerminate={[Function]}
              onResponderTerminationRequest={[Function]}
              onStartShouldSetResponder={[Function]}
              style={
                Object {
                  "alignItems": "center",
                  "alignSelf": "center",
                  "backgroundColor": "#F7C04C",
                  "borderBottomWidth": null,
                  "borderColor": "#007aff",
                  "borderLeftWidth": null,
                  "borderRadius": 5,
                  "borderRightWidth": null,
                  "borderTopWidth": null,
                  "elevation": 2,
                  "flexDirection": "row",
                  "height": 35,
                  "justifyContent": "center",
                  "marginTop": 15,
                  "opacity": 1,
                  "paddingBottom": 6,
                  "paddingTop": 6,
                  "width": "100%",
                }
              }
              testID={undefined}
              tvParallaxProperties={undefined}
            >
              <Text
                accessible={true}
                allowFontScaling={true}
                ellipsizeMode="tail"
                style={
                  Array [
                    Object {
                      "fontFamily": "SinkinSans-200XLight",
                      "fontSize": 12,
                    },
                    Object {},
                  ]
                }
              >
                OK
              </Text>
            </View>
          </View>
          <View
            style={
              Array [
                Object {
                  "alignItems": "center",
                  "backgroundColor": "#fff",
                  "borderRadius": 2,
                  "flexDirection": "row",
                  "paddingBottom": 10,
                  "paddingLeft": 15,
                  "paddingRight": 15,
                  "paddingTop": 10,
                },
                Object {
                  "alignSelf": "center",
                  "paddingBottom": 0,
                  "paddingLeft": 0,
                  "paddingRight": 5,
                  "paddingTop": 0,
                  "width": "100%",
                },
              ]
            }
            virtual={undefined}
          >
            <View
              accessibilityComponentType={undefined}
              accessibilityLabel={undefined}
              accessibilityTraits={undefined}
              accessible={true}
              collapsable={undefined}
              hitSlop={undefined}
              isTVSelectable={true}
              nativeID={undefined}
              onLayout={undefined}
              onResponderGrant={[Function]}
              onResponderMove={[Function]}
              onResponderRelease={[Function]}
              onResponderTerminate={[Function]}
              onResponderTerminationRequest={[Function]}
              onStartShouldSetResponder={[Function]}
              style={
                Object {
                  "alignItems": "center",
                  "alignSelf": "center",
                  "backgroundColor": "#F7C04C",
                  "borderBottomWidth": null,
                  "borderColor": "#007aff",
                  "borderLeftWidth": null,
                  "borderRadius": 5,
                  "borderRightWidth": null,
                  "borderTopWidth": null,
                  "elevation": 2,
                  "flexDirection": "row",
                  "height": 35,
                  "justifyContent": "center",
                  "marginTop": 15,
                  "opacity": 1,
                  "paddingBottom": 6,
                  "paddingTop": 6,
                  "width": "100%",
                }
              }
              testID={undefined}
              tvParallaxProperties={undefined}
            >
              <Text
                accessible={true}
                allowFontScaling={true}
                ellipsizeMode="tail"
                style={
                  Array [
                    Object {
                      "fontFamily": "SinkinSans-200XLight",
                      "fontSize": 12,
                    },
                    Object {},
                  ]
                }
              >
                CANCEL
              </Text>
            </View>
          </View>
        </View>
      </View>
    </RCTScrollView>
  </View>
</RCTScrollView>
`;
